exports[`Foo render greeting 1`] = `
<div>
  hi
</div>
`;
